// Jest Snapshot v1, https://goo.gl/fbAQLP

exports[`Pruebas en <Navbar /> Debe mostrarse correctamente 1`] = `
<nav
  className="navbar navbar-expand-lg navbar-dark bg-dark"
>
  <div
    className="container-fluid"
  >
    <a
      className="navbar-brand"
      onClick={[Function]}
    >
      Asociaciones
    </a>
    <button
      aria-controls="navbarSupportedContent"
      aria-expanded="false"
      aria-label="Toggle navigation"
      className="navbar-toggler"
      data-bs-target="#navbarSupportedContent"
      data-bs-toggle="collapse"
      type="button"
    >
      <span
        className="navbar-toggler-icon"
      />
    </button>
    <div
      className="collapse navbar-collapse"
      id="navbarSupportedContent"
    >
      <div
        className="navbar-nav me-auto mb-2 mb-lg-0"
      >
        <a
          aria-current={null}
          className="nav-item nav-link"
          onClick={[Function]}
        >
          Marvel
        </a>
        <a
          aria-current={null}
          className="nav-item nav-link"
          onClick={[Function]}
        >
          DC
        </a>
        <a
          aria-current={null}
          className="nav-item nav-link"
          onClick={[Function]}
        >
          Search
        </a>
      </div>
      <form
        className="d-flex"
      >
        <span
          className="align-self-center text-info me-3"
        >
          Brandon
        </span>
        <button
          className="nav-link btn text-white btn-outline-danger"
          onClick={[Function]}
        >
          Logout
        </button>
      </form>
    </div>
  </div>
</nav>
`;
